./humanoranimal/3000.jpg 0
./humanoranimal/3001.jpg 0
./humanoranimal/3002.jpg 0
./humanoranimal/3003.jpg 0
./humanoranimal/3004.jpg 0
./humanoranimal/3005.jpg 0
./humanoranimal/3006.jpg 0
./humanoranimal/3007.jpg 0
./humanoranimal/3008.jpg 0
./humanoranimal/3009.jpg 0
./humanoranimal/3010.jpg 0
./humanoranimal/3011.jpg 0
./humanoranimal/3012.jpg 0
./humanoranimal/3013.jpg 0
./humanoranimal/3014.jpg 0
./humanoranimal/3015.jpg 0
./humanoranimal/3016.jpg 0
./humanoranimal/3017.jpg 0
./humanoranimal/3018.jpg 0
./humanoranimal/3019.jpg 0
./humanoranimal/3020.jpg 0
./humanoranimal/3021.jpg 0
./humanoranimal/3022.jpg 0
./humanoranimal/3023.jpg 0
./humanoranimal/3024.jpg 0
./humanoranimal/3025.jpg 0
./humanoranimal/3026.jpg 0
./humanoranimal/3027.jpg 0
./humanoranimal/3028.jpg 0
./humanoranimal/3029.jpg 0
./humanoranimal/3030.jpg 0
./humanoranimal/3031.jpg 0
./humanoranimal/3032.jpg 0
./humanoranimal/3033.jpg 0
./humanoranimal/3034.jpg 0
./humanoranimal/3035.jpg 0
./humanoranimal/3036.jpg 0
./humanoranimal/3037.jpg 0
./humanoranimal/3038.jpg 0
./humanoranimal/3039.jpg 0
./humanoranimal/3040.jpg 0
./humanoranimal/3041.jpg 0
./humanoranimal/3042.jpg 0
./humanoranimal/3043.jpg 0
./humanoranimal/3044.jpg 0
./humanoranimal/3045.jpg 0
./humanoranimal/3046.jpg 0
./humanoranimal/3047.jpg 0
./humanoranimal/3048.jpg 0
./humanoranimal/3049.jpg 0
./humanoranimal/3050.jpg 0
./humanoranimal/3051.jpg 0
./humanoranimal/3052.jpg 0
./humanoranimal/3053.jpg 0
./humanoranimal/3054.jpg 0
./humanoranimal/3055.jpg 0
./humanoranimal/3056.jpg 0
./humanoranimal/3057.jpg 0
./humanoranimal/3058.jpg 0
./humanoranimal/3059.jpg 0
./humanoranimal/3060.jpg 0
./humanoranimal/3061.jpg 0
./humanoranimal/3062.jpg 0
./humanoranimal/3063.jpg 0
./humanoranimal/3064.jpg 0
./humanoranimal/3065.jpg 0
./humanoranimal/3066.jpg 0
./humanoranimal/3067.jpg 0
./humanoranimal/3068.jpg 0
./humanoranimal/3069.jpg 0
./humanoranimal/3070.jpg 0
./humanoranimal/3071.jpg 0
./humanoranimal/3072.jpg 0
./humanoranimal/3073.jpg 0
./humanoranimal/3074.jpg 0
./humanoranimal/3075.jpg 0
./humanoranimal/3076.jpg 0
./humanoranimal/3077.jpg 0
./humanoranimal/3078.jpg 0
./humanoranimal/3079.jpg 0
./humanoranimal/3080.jpg 0
./humanoranimal/3081.jpg 0
./humanoranimal/3082.jpg 0
./humanoranimal/3083.jpg 0
./humanoranimal/3084.jpg 0
./humanoranimal/3085.jpg 0
./humanoranimal/3086.jpg 0
./humanoranimal/3087.jpg 0
./humanoranimal/3088.jpg 0
./humanoranimal/3089.jpg 0
./humanoranimal/3090.jpg 0
./humanoranimal/3091.jpg 0
./humanoranimal/3092.jpg 0
./humanoranimal/3093.jpg 0
./humanoranimal/3094.jpg 0
./humanoranimal/3095.jpg 0
./humanoranimal/3096.jpg 0
./humanoranimal/3097.jpg 0
./humanoranimal/3098.jpg 0
./humanoranimal/3099.jpg 0
./humanoranimal/3100.jpg 0
./humanoranimal/3101.jpg 0
./humanoranimal/3102.jpg 0
./humanoranimal/3103.jpg 0
./humanoranimal/3104.jpg 0
./humanoranimal/3105.jpg 0
./humanoranimal/3106.jpg 0
./humanoranimal/3107.jpg 0
./humanoranimal/3108.jpg 0
./humanoranimal/3109.jpg 0
./humanoranimal/3110.jpg 0
./humanoranimal/3111.jpg 0
./humanoranimal/3112.jpg 0
./humanoranimal/3113.jpg 0
./humanoranimal/3114.jpg 0
./humanoranimal/3115.jpg 0
./humanoranimal/3116.jpg 0
./humanoranimal/3117.jpg 0
./humanoranimal/3118.jpg 0
./humanoranimal/3119.jpg 0
./humanoranimal/3120.jpg 0
./humanoranimal/3121.jpg 0
./humanoranimal/3122.jpg 0
./humanoranimal/3123.jpg 0
./humanoranimal/3124.jpg 0
./humanoranimal/3125.jpg 0
./humanoranimal/3126.jpg 0
./humanoranimal/3127.jpg 0
./humanoranimal/3128.jpg 0
./humanoranimal/3129.jpg 0
./humanoranimal/3130.jpg 0
./humanoranimal/3131.jpg 0
./humanoranimal/3132.jpg 0
./humanoranimal/3133.jpg 0
./humanoranimal/3134.jpg 0
./humanoranimal/3135.jpg 0
./humanoranimal/3136.jpg 0
./humanoranimal/3137.jpg 0
./humanoranimal/3138.jpg 0
./humanoranimal/3139.jpg 0
./humanoranimal/3140.jpg 0
./humanoranimal/3141.jpg 0
./humanoranimal/3142.jpg 0
./humanoranimal/3143.jpg 0
./humanoranimal/3144.jpg 0
./humanoranimal/3145.jpg 0
./humanoranimal/3146.jpg 0
./humanoranimal/3147.jpg 0
./humanoranimal/3148.jpg 0
./humanoranimal/3149.jpg 0
./humanoranimal/3150.jpg 0
./humanoranimal/3151.jpg 0
./humanoranimal/3152.jpg 0
./humanoranimal/3153.jpg 0
./humanoranimal/3154.jpg 0
./humanoranimal/3155.jpg 0
./humanoranimal/3156.jpg 0
./humanoranimal/3157.jpg 0
./humanoranimal/3158.jpg 0
./humanoranimal/3159.jpg 0
./humanoranimal/3160.jpg 0
./humanoranimal/3161.jpg 0
./humanoranimal/3162.jpg 0
./humanoranimal/3163.jpg 0
./humanoranimal/3164.jpg 0
./humanoranimal/3165.jpg 0
./humanoranimal/3166.jpg 0
./humanoranimal/3167.jpg 0
./humanoranimal/3168.jpg 0
./humanoranimal/3169.jpg 0
./humanoranimal/3170.jpg 0
./humanoranimal/3171.jpg 0
./humanoranimal/3172.jpg 0
./humanoranimal/3173.jpg 0
./humanoranimal/3174.jpg 0
./humanoranimal/3175.jpg 0
./humanoranimal/3176.jpg 0
./humanoranimal/3177.jpg 0
./humanoranimal/3178.jpg 0
./humanoranimal/3179.jpg 0
./humanoranimal/3180.jpg 0
./humanoranimal/3181.jpg 0
./humanoranimal/3182.jpg 0
./humanoranimal/3183.jpg 0
./humanoranimal/3184.jpg 0
./humanoranimal/3185.jpg 0
./humanoranimal/3186.jpg 0
./humanoranimal/3187.jpg 0
./humanoranimal/3188.jpg 0
./humanoranimal/3189.jpg 0
./humanoranimal/3190.jpg 0
./humanoranimal/3191.jpg 0
./humanoranimal/3192.jpg 0
./humanoranimal/3193.jpg 0
./humanoranimal/3194.jpg 0
./humanoranimal/3195.jpg 0
./humanoranimal/3196.jpg 0
./humanoranimal/3197.jpg 0
./humanoranimal/3198.jpg 0
./humanoranimal/3199.jpg 0
./humanoranimal/3200.jpg 0
./humanoranimal/3201.jpg 0
./humanoranimal/3202.jpg 0
./humanoranimal/3203.jpg 0
./humanoranimal/3204.jpg 0
./humanoranimal/3205.jpg 0
./humanoranimal/3206.jpg 0
./humanoranimal/3207.jpg 0
./humanoranimal/3208.jpg 0
./humanoranimal/3209.jpg 0
./humanoranimal/3210.jpg 0
./humanoranimal/3211.jpg 0
./humanoranimal/3212.jpg 0
./humanoranimal/3213.jpg 0
./humanoranimal/3214.jpg 0
./humanoranimal/3215.jpg 0
./humanoranimal/3216.jpg 0
./humanoranimal/3217.jpg 0
./humanoranimal/3218.jpg 0
./humanoranimal/3219.jpg 0
./humanoranimal/3220.jpg 0
./humanoranimal/3221.jpg 0
./humanoranimal/3222.jpg 0
./humanoranimal/3223.jpg 0
./humanoranimal/3224.jpg 0
./humanoranimal/3225.jpg 0
./humanoranimal/3226.jpg 0
./humanoranimal/3227.jpg 0
./humanoranimal/3228.jpg 0
./humanoranimal/3229.jpg 0
./humanoranimal/3230.jpg 0
./humanoranimal/3231.jpg 0
./humanoranimal/3232.jpg 0
./humanoranimal/3233.jpg 0
./humanoranimal/3234.jpg 0
./humanoranimal/3235.jpg 0
./humanoranimal/3236.jpg 0
./humanoranimal/3237.jpg 0
./humanoranimal/3238.jpg 0
./humanoranimal/3239.jpg 0
./humanoranimal/3240.jpg 0
./humanoranimal/3241.jpg 0
./humanoranimal/3242.jpg 0
./humanoranimal/3243.jpg 0
./humanoranimal/3244.jpg 0
./humanoranimal/3245.jpg 0
./humanoranimal/3246.jpg 0
./humanoranimal/3247.jpg 0
./humanoranimal/3248.jpg 0
./humanoranimal/3249.jpg 0
./humanoranimal/3250.jpg 0
./humanoranimal/3251.jpg 0
./humanoranimal/3252.jpg 0
./humanoranimal/3253.jpg 0
./humanoranimal/3254.jpg 0
./humanoranimal/3255.jpg 0
./humanoranimal/3256.jpg 0
./humanoranimal/3257.jpg 0
./humanoranimal/3258.jpg 0
./humanoranimal/3259.jpg 0
./humanoranimal/3260.jpg 0
./humanoranimal/3261.jpg 0
./humanoranimal/3262.jpg 0
./humanoranimal/3263.jpg 0
./humanoranimal/3264.jpg 0
./humanoranimal/3265.jpg 0
./humanoranimal/3266.jpg 0
./humanoranimal/3267.jpg 0
./humanoranimal/3268.jpg 0
./humanoranimal/3269.jpg 0
./humanoranimal/3270.jpg 0
./humanoranimal/3271.jpg 0
./humanoranimal/3272.jpg 0
./humanoranimal/3273.jpg 0
./humanoranimal/3274.jpg 0
./humanoranimal/3275.jpg 0
./humanoranimal/3276.jpg 0
./humanoranimal/3277.jpg 0
./humanoranimal/3278.jpg 0
./humanoranimal/3279.jpg 0
./humanoranimal/3280.jpg 0
./humanoranimal/3281.jpg 0
./humanoranimal/3282.jpg 0
./humanoranimal/3283.jpg 0
./humanoranimal/3284.jpg 0
./humanoranimal/3285.jpg 0
./humanoranimal/3286.jpg 0
./humanoranimal/3287.jpg 0
./humanoranimal/3288.jpg 0
./humanoranimal/3289.jpg 0
./humanoranimal/3290.jpg 0
./humanoranimal/3291.jpg 0
./humanoranimal/3292.jpg 0
./humanoranimal/3293.jpg 0
./humanoranimal/3294.jpg 0
./humanoranimal/3295.jpg 0
./humanoranimal/3296.jpg 0
./humanoranimal/3297.jpg 0
./humanoranimal/3298.jpg 0
./humanoranimal/3299.jpg 0
./humanoranimal/3300.jpg 0
./humanoranimal/3301.jpg 0
./humanoranimal/3302.jpg 0
./humanoranimal/3303.jpg 0
./humanoranimal/3304.jpg 0
./humanoranimal/3305.jpg 0
./humanoranimal/3306.jpg 0
./humanoranimal/3307.jpg 0
./humanoranimal/3308.jpg 0
./humanoranimal/3309.jpg 0
./humanoranimal/3310.jpg 0
./humanoranimal/3311.jpg 0
./humanoranimal/3312.jpg 0
./humanoranimal/3313.jpg 0
./humanoranimal/3314.jpg 0
./humanoranimal/3315.jpg 0
./humanoranimal/3316.jpg 0
./humanoranimal/3317.jpg 0
./humanoranimal/3318.jpg 0
./humanoranimal/3319.jpg 0
./humanoranimal/3320.jpg 0
./humanoranimal/3321.jpg 0
./humanoranimal/3322.jpg 0
./humanoranimal/3323.jpg 0
./humanoranimal/3324.jpg 0
./humanoranimal/3325.jpg 0
./humanoranimal/3326.jpg 0
./humanoranimal/3327.jpg 0
./humanoranimal/3328.jpg 0
./humanoranimal/3329.jpg 0
./humanoranimal/3330.jpg 0
./humanoranimal/3331.jpg 0
./humanoranimal/3332.jpg 0
./humanoranimal/3333.jpg 0
./humanoranimal/3334.jpg 0
./humanoranimal/3335.jpg 0
./humanoranimal/3336.jpg 0
./humanoranimal/3337.jpg 0
./humanoranimal/3338.jpg 0
./humanoranimal/3339.jpg 0
./humanoranimal/3340.jpg 0
./humanoranimal/3341.jpg 0
./humanoranimal/3342.jpg 0
./humanoranimal/3343.jpg 0
./humanoranimal/3344.jpg 0
./humanoranimal/3345.jpg 0
./humanoranimal/3346.jpg 0
./humanoranimal/3347.jpg 0
./humanoranimal/3348.jpg 0
./humanoranimal/3349.jpg 0
./humanoranimal/3350.jpg 0
./humanoranimal/3351.jpg 0
./humanoranimal/3352.jpg 0
./humanoranimal/3353.jpg 0
./humanoranimal/3354.jpg 0
./humanoranimal/3355.jpg 0
./humanoranimal/3356.jpg 0
./humanoranimal/3357.jpg 0
./humanoranimal/3358.jpg 0
./humanoranimal/3359.jpg 0
./humanoranimal/3360.jpg 0
./humanoranimal/3361.jpg 0
./humanoranimal/3362.jpg 0
./humanoranimal/3363.jpg 0
./humanoranimal/3364.jpg 0
./humanoranimal/3365.jpg 0
./humanoranimal/3366.jpg 0
./humanoranimal/3367.jpg 0
./humanoranimal/3368.jpg 0
./humanoranimal/3369.jpg 0
./humanoranimal/3370.jpg 0
./humanoranimal/3371.jpg 0
./humanoranimal/3372.jpg 0
./humanoranimal/3373.jpg 0
./humanoranimal/3374.jpg 0
./humanoranimal/3375.jpg 0
./humanoranimal/3376.jpg 0
./humanoranimal/3377.jpg 0
./humanoranimal/3378.jpg 0
./humanoranimal/3379.jpg 0
./humanoranimal/3380.jpg 0
./humanoranimal/3381.jpg 0
./humanoranimal/3382.jpg 0
./humanoranimal/3383.jpg 0
./humanoranimal/3384.jpg 0
./humanoranimal/3385.jpg 0
./humanoranimal/3386.jpg 0
./humanoranimal/3387.jpg 0
./humanoranimal/3388.jpg 0
./humanoranimal/3389.jpg 0
./humanoranimal/3390.jpg 0
./humanoranimal/3391.jpg 0
./humanoranimal/3392.jpg 0
./humanoranimal/3393.jpg 0
./humanoranimal/3394.jpg 0
./humanoranimal/3395.jpg 0
./humanoranimal/3396.jpg 0
./humanoranimal/3397.jpg 0
./humanoranimal/3398.jpg 0
./humanoranimal/3399.jpg 0
./humanoranimal/3400.jpg 0
./humanoranimal/3401.jpg 0
./humanoranimal/3402.jpg 0
./humanoranimal/3403.jpg 0
./humanoranimal/3404.jpg 0
./humanoranimal/3405.jpg 0
./humanoranimal/3406.jpg 0
./humanoranimal/3407.jpg 0
./humanoranimal/3408.jpg 0
./humanoranimal/3409.jpg 0
./humanoranimal/3410.jpg 0
./humanoranimal/3411.jpg 0
./humanoranimal/3412.jpg 0
./humanoranimal/3413.jpg 0
./humanoranimal/3414.jpg 0
./humanoranimal/3415.jpg 0
./humanoranimal/3416.jpg 0
./humanoranimal/3417.jpg 0
./humanoranimal/3418.jpg 0
./humanoranimal/3419.jpg 0
./humanoranimal/3420.jpg 0
./humanoranimal/3421.jpg 0
./humanoranimal/3422.jpg 0
./humanoranimal/3423.jpg 0
./humanoranimal/3424.jpg 0
./humanoranimal/3425.jpg 0
./humanoranimal/3426.jpg 0
./humanoranimal/3427.jpg 0
./humanoranimal/3428.jpg 0
./humanoranimal/3429.jpg 0
./humanoranimal/3430.jpg 0
./humanoranimal/3431.jpg 0
./humanoranimal/3432.jpg 0
./humanoranimal/3433.jpg 0
./humanoranimal/3434.jpg 0
./humanoranimal/3435.jpg 0
./humanoranimal/3436.jpg 0
./humanoranimal/3437.jpg 0
./humanoranimal/3438.jpg 0
./humanoranimal/3439.jpg 0
./humanoranimal/3440.jpg 0
./humanoranimal/3441.jpg 0
./humanoranimal/3442.jpg 0
./humanoranimal/3443.jpg 0
./humanoranimal/3444.jpg 0
./humanoranimal/3445.jpg 0
./humanoranimal/3446.jpg 0
./humanoranimal/3447.jpg 0
./humanoranimal/3448.jpg 0
./humanoranimal/3449.jpg 0
./humanoranimal/3450.jpg 0
./humanoranimal/3451.jpg 0
./humanoranimal/3452.jpg 0
./humanoranimal/3453.jpg 0
./humanoranimal/3454.jpg 0
./humanoranimal/3455.jpg 0
./humanoranimal/3456.jpg 0
./humanoranimal/3457.jpg 0
./humanoranimal/3458.jpg 0
./humanoranimal/3459.jpg 0
./humanoranimal/3460.jpg 0
./humanoranimal/3461.jpg 0
./humanoranimal/3462.jpg 0
./humanoranimal/3463.jpg 0
./humanoranimal/3464.jpg 0
./humanoranimal/3465.jpg 0
./humanoranimal/3466.jpg 0
./humanoranimal/3467.jpg 0
./humanoranimal/3468.jpg 0
./humanoranimal/3469.jpg 0
./humanoranimal/3470.jpg 0
./humanoranimal/3471.jpg 0
./humanoranimal/3472.jpg 0
./humanoranimal/3473.jpg 0
./humanoranimal/3474.jpg 0
./humanoranimal/3475.jpg 0
./humanoranimal/3476.jpg 0
./humanoranimal/3477.jpg 0
./humanoranimal/3478.jpg 0
./humanoranimal/3479.jpg 0
./humanoranimal/3480.jpg 0
./humanoranimal/3481.jpg 0
./humanoranimal/3482.jpg 0
./humanoranimal/3483.jpg 0
./humanoranimal/3484.jpg 0
./humanoranimal/3485.jpg 0
./humanoranimal/3486.jpg 0
./humanoranimal/3487.jpg 0
./humanoranimal/3488.jpg 0
./humanoranimal/3489.jpg 0
./humanoranimal/3490.jpg 0
./humanoranimal/3491.jpg 0
./humanoranimal/3492.jpg 0
./humanoranimal/3493.jpg 0
./humanoranimal/3494.jpg 0
./humanoranimal/3495.jpg 0
./humanoranimal/3496.jpg 0
./humanoranimal/3497.jpg 0
./humanoranimal/3498.jpg 0
./humanoranimal/3499.jpg 0
./humanoranimal/17000.jpg 1
./humanoranimal/17001.jpg 1
./humanoranimal/17002.jpg 1
./humanoranimal/17003.jpg 1
./humanoranimal/17004.jpg 1
./humanoranimal/17005.jpg 1
./humanoranimal/17006.jpg 1
./humanoranimal/17007.jpg 1
./humanoranimal/17008.jpg 1
./humanoranimal/17009.jpg 1
./humanoranimal/17010.jpg 1
./humanoranimal/17011.jpg 1
./humanoranimal/17012.jpg 1
./humanoranimal/17013.jpg 1
./humanoranimal/17014.jpg 1
./humanoranimal/17015.jpg 1
./humanoranimal/17016.jpg 1
./humanoranimal/17017.jpg 1
./humanoranimal/17018.jpg 1
./humanoranimal/17019.jpg 1
./humanoranimal/17020.jpg 1
./humanoranimal/17021.jpg 1
./humanoranimal/17022.jpg 1
./humanoranimal/17023.jpg 1
./humanoranimal/17024.jpg 1
./humanoranimal/17025.jpg 1
./humanoranimal/17026.jpg 1
./humanoranimal/17027.jpg 1
./humanoranimal/17028.jpg 1
./humanoranimal/17029.jpg 1
./humanoranimal/17030.jpg 1
./humanoranimal/17031.jpg 1
./humanoranimal/17032.jpg 1
./humanoranimal/17033.jpg 1
./humanoranimal/17034.jpg 1
./humanoranimal/17035.jpg 1
./humanoranimal/17036.jpg 1
./humanoranimal/17037.jpg 1
./humanoranimal/17038.jpg 1
./humanoranimal/17039.jpg 1
./humanoranimal/17040.jpg 1
./humanoranimal/17041.jpg 1
./humanoranimal/17042.jpg 1
./humanoranimal/17043.jpg 1
./humanoranimal/17044.jpg 1
./humanoranimal/17045.jpg 1
./humanoranimal/17046.jpg 1
./humanoranimal/17047.jpg 1
./humanoranimal/17048.jpg 1
./humanoranimal/17049.jpg 1
./humanoranimal/17050.jpg 1
./humanoranimal/17051.jpg 1
./humanoranimal/17052.jpg 1
./humanoranimal/17053.jpg 1
./humanoranimal/17054.jpg 1
./humanoranimal/17055.jpg 1
./humanoranimal/17056.jpg 1
./humanoranimal/17057.jpg 1
./humanoranimal/17058.jpg 1
./humanoranimal/17059.jpg 1
./humanoranimal/17060.jpg 1
./humanoranimal/17061.jpg 1
./humanoranimal/17062.jpg 1
./humanoranimal/17063.jpg 1
./humanoranimal/17064.jpg 1
./humanoranimal/17065.jpg 1
./humanoranimal/17066.jpg 1
./humanoranimal/17067.jpg 1
./humanoranimal/17068.jpg 1
./humanoranimal/17069.jpg 1
./humanoranimal/17070.jpg 1
./humanoranimal/17071.jpg 1
./humanoranimal/17072.jpg 1
./humanoranimal/17073.jpg 1
./humanoranimal/17074.jpg 1
./humanoranimal/17075.jpg 1
./humanoranimal/17076.jpg 1
./humanoranimal/17077.jpg 1
./humanoranimal/17078.jpg 1
./humanoranimal/17079.jpg 1
./humanoranimal/17080.jpg 1
./humanoranimal/17081.jpg 1
./humanoranimal/17082.jpg 1
./humanoranimal/17083.jpg 1
./humanoranimal/17084.jpg 1
./humanoranimal/17085.jpg 1
./humanoranimal/17086.jpg 1
./humanoranimal/17087.jpg 1
./humanoranimal/17088.jpg 1
./humanoranimal/17089.jpg 1
./humanoranimal/17090.jpg 1
./humanoranimal/17091.jpg 1
./humanoranimal/17092.jpg 1
./humanoranimal/17093.jpg 1
./humanoranimal/17094.jpg 1
./humanoranimal/17095.jpg 1
./humanoranimal/17096.jpg 1
./humanoranimal/17097.jpg 1
./humanoranimal/17098.jpg 1
./humanoranimal/17099.jpg 1
./humanoranimal/17100.jpg 1
./humanoranimal/17101.jpg 1
./humanoranimal/17102.jpg 1
./humanoranimal/17103.jpg 1
./humanoranimal/17104.jpg 1
./humanoranimal/17105.jpg 1
./humanoranimal/17106.jpg 1
./humanoranimal/17107.jpg 1
./humanoranimal/17108.jpg 1
./humanoranimal/17109.jpg 1
./humanoranimal/17110.jpg 1
./humanoranimal/17111.jpg 1
./humanoranimal/17112.jpg 1
./humanoranimal/17113.jpg 1
./humanoranimal/17114.jpg 1
./humanoranimal/17115.jpg 1
./humanoranimal/17116.jpg 1
./humanoranimal/17117.jpg 1
./humanoranimal/17118.jpg 1
./humanoranimal/17119.jpg 1
./humanoranimal/17120.jpg 1
./humanoranimal/17121.jpg 1
./humanoranimal/17122.jpg 1
./humanoranimal/17123.jpg 1
./humanoranimal/17124.jpg 1
./humanoranimal/17125.jpg 1
./humanoranimal/17126.jpg 1
./humanoranimal/17127.jpg 1
./humanoranimal/17128.jpg 1
./humanoranimal/17129.jpg 1
./humanoranimal/17130.jpg 1
./humanoranimal/17131.jpg 1
./humanoranimal/17132.jpg 1
./humanoranimal/17133.jpg 1
./humanoranimal/17134.jpg 1
./humanoranimal/17135.jpg 1
./humanoranimal/17136.jpg 1
./humanoranimal/17137.jpg 1
./humanoranimal/17138.jpg 1
./humanoranimal/17139.jpg 1
./humanoranimal/17140.jpg 1
./humanoranimal/17141.jpg 1
./humanoranimal/17142.jpg 1
./humanoranimal/17143.jpg 1
./humanoranimal/17144.jpg 1
./humanoranimal/17145.jpg 1
./humanoranimal/17146.jpg 1
./humanoranimal/17147.jpg 1
./humanoranimal/17148.jpg 1
./humanoranimal/17149.jpg 1
./humanoranimal/17150.jpg 1
./humanoranimal/17151.jpg 1
./humanoranimal/17152.jpg 1
./humanoranimal/17153.jpg 1
./humanoranimal/17154.jpg 1
./humanoranimal/17155.jpg 1
./humanoranimal/17156.jpg 1
./humanoranimal/17157.jpg 1
./humanoranimal/17158.jpg 1
./humanoranimal/17159.jpg 1
./humanoranimal/17160.jpg 1
./humanoranimal/17161.jpg 1
./humanoranimal/17162.jpg 1
./humanoranimal/17163.jpg 1
./humanoranimal/17164.jpg 1
./humanoranimal/17165.jpg 1
./humanoranimal/17166.jpg 1
./humanoranimal/17167.jpg 1
./humanoranimal/17168.jpg 1
./humanoranimal/17169.jpg 1
./humanoranimal/17170.jpg 1
./humanoranimal/17171.jpg 1
./humanoranimal/17172.jpg 1
./humanoranimal/17173.jpg 1
./humanoranimal/17174.jpg 1
./humanoranimal/17175.jpg 1
./humanoranimal/17176.jpg 1
./humanoranimal/17177.jpg 1
./humanoranimal/17178.jpg 1
./humanoranimal/17179.jpg 1
./humanoranimal/17180.jpg 1
./humanoranimal/17181.jpg 1
./humanoranimal/17182.jpg 1
./humanoranimal/17183.jpg 1
./humanoranimal/17184.jpg 1
./humanoranimal/17185.jpg 1
./humanoranimal/17186.jpg 1
./humanoranimal/17187.jpg 1
./humanoranimal/17188.jpg 1
./humanoranimal/17189.jpg 1
./humanoranimal/17190.jpg 1
./humanoranimal/17191.jpg 1
./humanoranimal/17192.jpg 1
./humanoranimal/17193.jpg 1
./humanoranimal/17194.jpg 1
./humanoranimal/17195.jpg 1
./humanoranimal/17196.jpg 1
./humanoranimal/17197.jpg 1
./humanoranimal/17198.jpg 1
./humanoranimal/17199.jpg 1
./humanoranimal/17200.jpg 1
./humanoranimal/17201.jpg 1
./humanoranimal/17202.jpg 1
./humanoranimal/17203.jpg 1
./humanoranimal/17204.jpg 1
./humanoranimal/17205.jpg 1
./humanoranimal/17206.jpg 1
./humanoranimal/17207.jpg 1
./humanoranimal/17208.jpg 1
./humanoranimal/17209.jpg 1
./humanoranimal/17210.jpg 1
./humanoranimal/17211.jpg 1
./humanoranimal/17212.jpg 1
./humanoranimal/17213.jpg 1
./humanoranimal/17214.jpg 1
./humanoranimal/17215.jpg 1
./humanoranimal/17216.jpg 1
./humanoranimal/17217.jpg 1
./humanoranimal/17218.jpg 1
./humanoranimal/17219.jpg 1
./humanoranimal/17220.jpg 1
./humanoranimal/17221.jpg 1
./humanoranimal/17222.jpg 1
./humanoranimal/17223.jpg 1
./humanoranimal/17224.jpg 1
./humanoranimal/17225.jpg 1
./humanoranimal/17226.jpg 1
./humanoranimal/17227.jpg 1
./humanoranimal/17228.jpg 1
./humanoranimal/17229.jpg 1
./humanoranimal/17230.jpg 1
./humanoranimal/17231.jpg 1
./humanoranimal/17232.jpg 1
./humanoranimal/17233.jpg 1
./humanoranimal/17234.jpg 1
./humanoranimal/17235.jpg 1
./humanoranimal/17236.jpg 1
./humanoranimal/17237.jpg 1
./humanoranimal/17238.jpg 1
./humanoranimal/17239.jpg 1
./humanoranimal/17240.jpg 1
./humanoranimal/17241.jpg 1
./humanoranimal/17242.jpg 1
./humanoranimal/17243.jpg 1
./humanoranimal/17244.jpg 1
./humanoranimal/17245.jpg 1
./humanoranimal/17246.jpg 1
./humanoranimal/17247.jpg 1
./humanoranimal/17248.jpg 1
./humanoranimal/17249.jpg 1
./humanoranimal/17250.jpg 1
./humanoranimal/17251.jpg 1
./humanoranimal/17252.jpg 1
./humanoranimal/17253.jpg 1
./humanoranimal/17254.jpg 1
./humanoranimal/17255.jpg 1
./humanoranimal/17256.jpg 1
./humanoranimal/17257.jpg 1
./humanoranimal/17258.jpg 1
./humanoranimal/17259.jpg 1
./humanoranimal/17260.jpg 1
./humanoranimal/17261.jpg 1
./humanoranimal/17262.jpg 1
./humanoranimal/17263.jpg 1
./humanoranimal/17264.jpg 1
./humanoranimal/17265.jpg 1
./humanoranimal/17266.jpg 1
./humanoranimal/17267.jpg 1
./humanoranimal/17268.jpg 1
./humanoranimal/17269.jpg 1
./humanoranimal/17270.jpg 1
./humanoranimal/17271.jpg 1
./humanoranimal/17272.jpg 1
./humanoranimal/17273.jpg 1
./humanoranimal/17274.jpg 1
./humanoranimal/17275.jpg 1
./humanoranimal/17276.jpg 1
./humanoranimal/17277.jpg 1
./humanoranimal/17278.jpg 1
./humanoranimal/17279.jpg 1
./humanoranimal/17280.jpg 1
./humanoranimal/17281.jpg 1
./humanoranimal/17282.jpg 1
./humanoranimal/17283.jpg 1
./humanoranimal/17284.jpg 1
./humanoranimal/17285.jpg 1
./humanoranimal/17286.jpg 1
./humanoranimal/17287.jpg 1
./humanoranimal/17288.jpg 1
./humanoranimal/17289.jpg 1
./humanoranimal/17290.jpg 1
./humanoranimal/17291.jpg 1
./humanoranimal/17292.jpg 1
./humanoranimal/17293.jpg 1
./humanoranimal/17294.jpg 1
./humanoranimal/17295.jpg 1
./humanoranimal/17296.jpg 1
./humanoranimal/17297.jpg 1
./humanoranimal/17298.jpg 1
./humanoranimal/17299.jpg 1
./humanoranimal/17300.jpg 1
./humanoranimal/17301.jpg 1
./humanoranimal/17302.jpg 1
./humanoranimal/17303.jpg 1
./humanoranimal/17304.jpg 1
./humanoranimal/17305.jpg 1
./humanoranimal/17306.jpg 1
./humanoranimal/17307.jpg 1
./humanoranimal/17308.jpg 1
./humanoranimal/17309.jpg 1
./humanoranimal/17310.jpg 1
./humanoranimal/17311.jpg 1
./humanoranimal/17312.jpg 1
./humanoranimal/17313.jpg 1
./humanoranimal/17314.jpg 1
./humanoranimal/17315.jpg 1
./humanoranimal/17316.jpg 1
./humanoranimal/17317.jpg 1
./humanoranimal/17318.jpg 1
./humanoranimal/17319.jpg 1
./humanoranimal/17320.jpg 1
./humanoranimal/17321.jpg 1
./humanoranimal/17322.jpg 1
./humanoranimal/17323.jpg 1
./humanoranimal/17324.jpg 1
./humanoranimal/17325.jpg 1
./humanoranimal/17326.jpg 1
./humanoranimal/17327.jpg 1
./humanoranimal/17328.jpg 1
./humanoranimal/17329.jpg 1
./humanoranimal/17330.jpg 1
./humanoranimal/17331.jpg 1
./humanoranimal/17332.jpg 1
./humanoranimal/17333.jpg 1
./humanoranimal/17334.jpg 1
./humanoranimal/17335.jpg 1
./humanoranimal/17336.jpg 1
./humanoranimal/17337.jpg 1
./humanoranimal/17338.jpg 1
./humanoranimal/17339.jpg 1
./humanoranimal/17340.jpg 1
./humanoranimal/17341.jpg 1
./humanoranimal/17342.jpg 1
./humanoranimal/17343.jpg 1
./humanoranimal/17344.jpg 1
./humanoranimal/17345.jpg 1
./humanoranimal/17346.jpg 1
./humanoranimal/17347.jpg 1
./humanoranimal/17348.jpg 1
./humanoranimal/17349.jpg 1
./humanoranimal/17350.jpg 1
./humanoranimal/17351.jpg 1
./humanoranimal/17352.jpg 1
./humanoranimal/17353.jpg 1
./humanoranimal/17354.jpg 1
./humanoranimal/17355.jpg 1
./humanoranimal/17356.jpg 1
./humanoranimal/17357.jpg 1
./humanoranimal/17358.jpg 1
./humanoranimal/17359.jpg 1
./humanoranimal/17360.jpg 1
./humanoranimal/17361.jpg 1
./humanoranimal/17362.jpg 1
./humanoranimal/17363.jpg 1
./humanoranimal/17364.jpg 1
./humanoranimal/17365.jpg 1
./humanoranimal/17366.jpg 1
./humanoranimal/17367.jpg 1
./humanoranimal/17368.jpg 1
./humanoranimal/17369.jpg 1
./humanoranimal/17370.jpg 1
./humanoranimal/17371.jpg 1
./humanoranimal/17372.jpg 1
./humanoranimal/17373.jpg 1
./humanoranimal/17374.jpg 1
./humanoranimal/17375.jpg 1
./humanoranimal/17376.jpg 1
./humanoranimal/17377.jpg 1
./humanoranimal/17378.jpg 1
./humanoranimal/17379.jpg 1
./humanoranimal/17380.jpg 1
./humanoranimal/17381.jpg 1
./humanoranimal/17382.jpg 1
./humanoranimal/17383.jpg 1
./humanoranimal/17384.jpg 1
./humanoranimal/17385.jpg 1
./humanoranimal/17386.jpg 1
./humanoranimal/17387.jpg 1
./humanoranimal/17388.jpg 1
./humanoranimal/17389.jpg 1
./humanoranimal/17390.jpg 1
./humanoranimal/17391.jpg 1
./humanoranimal/17392.jpg 1
./humanoranimal/17393.jpg 1
./humanoranimal/17394.jpg 1
./humanoranimal/17395.jpg 1
./humanoranimal/17396.jpg 1
./humanoranimal/17397.jpg 1
./humanoranimal/17398.jpg 1
./humanoranimal/17399.jpg 1
./humanoranimal/17400.jpg 1
./humanoranimal/17401.jpg 1
./humanoranimal/17402.jpg 1
./humanoranimal/17403.jpg 1
./humanoranimal/17404.jpg 1
./humanoranimal/17405.jpg 1
./humanoranimal/17406.jpg 1
./humanoranimal/17407.jpg 1
./humanoranimal/17408.jpg 1
./humanoranimal/17409.jpg 1
./humanoranimal/17410.jpg 1
./humanoranimal/17411.jpg 1
./humanoranimal/17412.jpg 1
./humanoranimal/17413.jpg 1
./humanoranimal/17414.jpg 1
./humanoranimal/17415.jpg 1
./humanoranimal/17416.jpg 1
./humanoranimal/17417.jpg 1
./humanoranimal/17418.jpg 1
./humanoranimal/17419.jpg 1
./humanoranimal/17420.jpg 1
./humanoranimal/17421.jpg 1
./humanoranimal/17422.jpg 1
./humanoranimal/17423.jpg 1
./humanoranimal/17424.jpg 1
./humanoranimal/17425.jpg 1
./humanoranimal/17426.jpg 1
./humanoranimal/17427.jpg 1
./humanoranimal/17428.jpg 1
./humanoranimal/17429.jpg 1
./humanoranimal/17430.jpg 1
./humanoranimal/17431.jpg 1
./humanoranimal/17432.jpg 1
./humanoranimal/17433.jpg 1
./humanoranimal/17434.jpg 1
./humanoranimal/17435.jpg 1
./humanoranimal/17436.jpg 1
./humanoranimal/17437.jpg 1
./humanoranimal/17438.jpg 1
./humanoranimal/17439.jpg 1
./humanoranimal/17440.jpg 1
./humanoranimal/17441.jpg 1
./humanoranimal/17442.jpg 1
./humanoranimal/17443.jpg 1
./humanoranimal/17444.jpg 1
./humanoranimal/17445.jpg 1
./humanoranimal/17446.jpg 1
./humanoranimal/17447.jpg 1
./humanoranimal/17448.jpg 1
./humanoranimal/17449.jpg 1
./humanoranimal/17450.jpg 1
./humanoranimal/17451.jpg 1
./humanoranimal/17452.jpg 1
./humanoranimal/17453.jpg 1
./humanoranimal/17454.jpg 1
./humanoranimal/17455.jpg 1
./humanoranimal/17456.jpg 1
./humanoranimal/17457.jpg 1
./humanoranimal/17458.jpg 1
./humanoranimal/17459.jpg 1
./humanoranimal/17460.jpg 1
./humanoranimal/17461.jpg 1
./humanoranimal/17462.jpg 1
./humanoranimal/17463.jpg 1
./humanoranimal/17464.jpg 1
./humanoranimal/17465.jpg 1
./humanoranimal/17466.jpg 1
./humanoranimal/17467.jpg 1
./humanoranimal/17468.jpg 1
./humanoranimal/17469.jpg 1
./humanoranimal/17470.jpg 1
./humanoranimal/17471.jpg 1
./humanoranimal/17472.jpg 1
./humanoranimal/17473.jpg 1
./humanoranimal/17474.jpg 1
./humanoranimal/17475.jpg 1
./humanoranimal/17476.jpg 1
./humanoranimal/17477.jpg 1
./humanoranimal/17478.jpg 1
./humanoranimal/17479.jpg 1
./humanoranimal/17480.jpg 1
./humanoranimal/17481.jpg 1
./humanoranimal/17482.jpg 1
./humanoranimal/17483.jpg 1
./humanoranimal/17484.jpg 1
./humanoranimal/17485.jpg 1
./humanoranimal/17486.jpg 1
./humanoranimal/17487.jpg 1
./humanoranimal/17488.jpg 1
./humanoranimal/17489.jpg 1
./humanoranimal/17490.jpg 1
./humanoranimal/17491.jpg 1
./humanoranimal/17492.jpg 1
./humanoranimal/17493.jpg 1
./humanoranimal/17494.jpg 1
./humanoranimal/17495.jpg 1
./humanoranimal/17496.jpg 1
./humanoranimal/17497.jpg 1
./humanoranimal/17498.jpg 1
./humanoranimal/17499.jpg 1
